Microchip MPLAB XC8 Compiler V2.32

Linker command line:

-W-3 --edf=C:\Program Files\Microchip\xc8\v2.32\pic\dat\en_msgs.txt -cn \
  -h+dist/default/production\ProjetoFinal1.X.production.sym \
  --cmf=dist/default/production\ProjetoFinal1.X.production.cmf -z -Q18F4520 \
  -oC:\Users\user\AppData\Local\Temp\xcAsang.4 --defsym=__MPLAB_BUILD=1 \
  -Mdist/default/production/ProjetoFinal1.X.production.map -E1 \
  -ver=XC8 Compiler --acfsm=1493 -ASTACK=080h-05FFh -pstack=STACK \
  -ACODE=00h-07FFFh -ACONST=00h-07FFFh -ASMALLCONST=0600h-06FFhx122 \
  -AMEDIUMCONST=0600h-07FFFh -ACOMRAM=01h-07Fh -AABS1=00h-05FFh \
  -ABIGRAM=01h-05FFh -ARAM=080h-0FFh,0100h-01FFhx5 -ABANK0=080h-0FFh \
  -ABANK1=0100h-01FFh -ABANK2=0200h-02FFh -ABANK3=0300h-03FFh \
  -ABANK4=0400h-04FFh -ABANK5=0500h-05FFh -ASFR=0F80h-0FFFh \
  -ACONFIG=0300000h-030000Dh -AIDLOC=0200000h-0200007h \
  -AEEDATA=0F00000h-0F000FFh -peeprom_data=EEDATA \
  -preset_vec=00h,intcode,intcodelo,powerup,init -pramtop=0600h \
  -psmallconst=SMALLCONST -pmediumconst=MEDIUMCONST -pconst=CONST \
  -AFARRAM=00h-00h \
  -prdata=COMRAM,nvrram=COMRAM,nvbit=COMRAM,rbss=COMRAM,rbit=COMRAM \
  -pfarbss=FARRAM,fardata=FARRAM,nvFARRAM=FARRAM \
  -pintsave_regs=BIGRAM,bigbss=BIGRAM,bigdata=BIGRAM -pbss=RAM \
  -pidata=CODE,irdata=CODE,ibigdata=CODE,ifardata=CODE -prparam=COMRAM \
  C:\Users\user\AppData\Local\Temp\xcAsang.o \
  dist/default/production\ProjetoFinal1.X.production.o 

Object code version is 3.11

Machine type is 18F4520



                Name                               Link     Load   Length Selector   Space Scale
C:\Users\user\AppData\Local\Temp\xcAsang.o
                idloc                            200000   200000        8        0       5
                config                           300000   300000        E        0       4
                init                                  0        0        4        0       0
dist/default/production\ProjetoFinal1.X.production.o
                idloc                            200000   200000        8        0       5
                config                           300000   300000        E        0       4
                smallconst                          600      600       D0      300       0
                text42                              C0E      C0E      24E      368       0
                text41                             1DB8     1DB8       48      368       0
                text40                             1B52     1B52       6A      368       0
                text39                             1C16     1C16       58      368       0
                text38                             1F9C     1F9C       2A      368       0
                text37                             18A0     18A0       A4      368       0
                text36                             19D8     19D8       88      368       0
                text35                             1486     1486      146      368       0
                text34                             1944     1944       94      368       0
                text33                             1E42     1E42       3E      368       0
                text32                             1EBA     1EBA       32      368       0
                text31                             1EEC     1EEC       30      368       0
                text30                             20B2     20B2        2      368       0
                text29                              9C0      9C0      24E      368       0
                text28                             1E00     1E00       42      368       0
                text27                             1F72     1F72       2A      368       0
                text26                             1F48     1F48       2A      368       0
                text25                             1D6A     1D6A       4E      368       0
                text24                             1BBC     1BBC       5A      368       0
                text23                             202C     202C       1E      368       0
                text22                             1FC6     1FC6       26      368       0
                text21                             17EC     17EC       B4      368       0
                text20                             131C     131C      16A      368       0
                text19                             15CC     15CC      136      368       0
                text18                             20A0     20A0        A      368       0
                text17                             1ADA     1ADA       78      368       0
                text16                             200E     200E       1E      368       0
                text15                             1CC4     1CC4       56      368       0
                text14                              E5C      E5C      1B4      368       0
                text13                             1D1A     1D1A       50      368       0
                text12                             1E80     1E80       3A      368       0
                text11                             1010     1010      1A0      368       0
                text10                             204A     204A       1A      368       0
                text9                              1F1C     1F1C       2C      368       0
                text8                              207A     207A       16      368       0
                text7                               6D0      6D0      2F0      368       0
                text6                              1C6E     1C6E       56      368       0
                text5                              11B0     11B0      16C      368       0
                text4                              1A60     1A60       7A      368       0
                text3                              20AA     20AA        8      368       0
                text2                              1FEC     1FEC       22      368       0
                text1                              2090     2090       10      368       0
                text0                              1702     1702       EA      368       0
                cstackCOMRAM                          1        1       2D        1       1
                bssCOMRAM                            2E       2E       1C        1       1
                cinit                              2064     2064       16      368       0

TOTAL           Name                               Link     Load   Length     Space
        CLASS   STACK          

        CLASS   CODE           
                init                                  0        0        4         0
                text42                              C0E      C0E      24E         0
                text41                             1DB8     1DB8       48         0
                text40                             1B52     1B52       6A         0
                text39                             1C16     1C16       58         0
                text38                             1F9C     1F9C       2A         0
                text37                             18A0     18A0       A4         0
                text36                             19D8     19D8       88         0
                text35                             1486     1486      146         0
                text34                             1944     1944       94         0
                text33                             1E42     1E42       3E         0
                text32                             1EBA     1EBA       32         0
                text31                             1EEC     1EEC       30         0
                text30                             20B2     20B2        2         0
                text29                              9C0      9C0      24E         0
                text28                             1E00     1E00       42         0
                text27                             1F72     1F72       2A         0
                text26                             1F48     1F48       2A         0
                text25                             1D6A     1D6A       4E         0
                text24                             1BBC     1BBC       5A         0
                text23                             202C     202C       1E         0
                text22                             1FC6     1FC6       26         0
                text21                             17EC     17EC       B4         0
                text20                             131C     131C      16A         0
                text19                             15CC     15CC      136         0
                text18                             20A0     20A0        A         0
                text17                             1ADA     1ADA       78         0
                text16                             200E     200E       1E         0
                text15                             1CC4     1CC4       56         0
                text14                              E5C      E5C      1B4         0
                text13                             1D1A     1D1A       50         0
                text12                             1E80     1E80       3A         0
                text11                             1010     1010      1A0         0
                text10                             204A     204A       1A         0
                text9                              1F1C     1F1C       2C         0
                text8                              207A     207A       16         0
                text7                               6D0      6D0      2F0         0
                text6                              1C6E     1C6E       56         0
                text5                              11B0     11B0      16C         0
                text4                              1A60     1A60       7A         0
                text3                              20AA     20AA        8         0
                text2                              1FEC     1FEC       22         0
                text1                              2090     2090       10         0
                text0                              1702     1702       EA         0
                cinit                              2064     2064       16         0

        CLASS   CONST          

        CLASS   SMALLCONST     
                smallconst                          600      600       D0         0

        CLASS   MEDIUMCONST    

        CLASS   COMRAM         
                cstackCOMRAM                          1        1       2D         1
                bssCOMRAM                            2E       2E       1C         1

        CLASS   ABS1           

        CLASS   BIGRAM         

        CLASS   RAM            

        CLASS   BANK0          

        CLASS   BANK1          

        CLASS   BANK2          

        CLASS   BANK3          

        CLASS   BANK4          

        CLASS   BANK5          

        CLASS   SFR            

        CLASS   CONFIG         
                config                           300000   300000        E         4

        CLASS   IDLOC          
                idloc                            200000   200000        8         5

        CLASS   EEDATA         

        CLASS   FARRAM         



SEGMENTS        Name                           Load    Length   Top    Selector   Space  Class

                reset_vec                      000000  000004  000004         0       0  CODE    
                cstackCOMRAM                   000001  000049  00004A         1       1  COMRAM  
                smallconst                     000600  0000D0  0006D0       300       0  SMALLCON
                text7                          0006D0  0019E4  0020B4       368       0  CODE    


UNUSED ADDRESS RANGES

        Name                Unused          Largest block    Delta
        BANK0            000080-0000FF               80
        BANK1            000100-0001FF              100
        BANK2            000200-0002FF              100
        BANK3            000300-0003FF              100
        BANK4            000400-0004FF              100
        BANK5            000500-0005FF              100
        BIGRAM           00004A-0005FF              5B6
        CODE             000004-0005FF              5FC
                         0020B4-007FFF             5F4C
        COMRAM           00004A-00007F               36
        CONST            000004-0005FF              5FC
                         0020B4-007FFF             5F4C
        EEDATA           F00000-F000FF              100
        MEDIUMCONST      0020B4-007FFF             5F4C
        RAM              000080-0005FF              100
        SFR              000F80-000FFF               80
        SMALLCONST       0020B4-007FFF              100
        STACK            000080-0005FF              580

                                  Symbol Table

?___lldiv                cstackCOMRAM 00000D
?___llmod                cstackCOMRAM 00001A
?___lmul                 cstackCOMRAM 000001
?_adcRead                cstackCOMRAM 000001
?_digitalRead            cstackCOMRAM 000001
?_kpRead                 cstackCOMRAM 000001
_ADCON0                  (abs)        000FC2
_ADCON1                  (abs)        000FC1
_ADCON2                  (abs)        000FC0
_ADRESH                  (abs)        000FC4
_ADRESL                  (abs)        000FC3
_BAUDCON                 (abs)        000FB8
_CCP2CON                 (abs)        000FBA
_CCPR2L                  (abs)        000FBB
_INTCON                  (abs)        000FF2
_PIR1                    (abs)        000F9E
_PORTA                   (abs)        000F80
_PORTB                   (abs)        000F81
_PORTC                   (abs)        000F82
_PORTD                   (abs)        000F83
_PORTE                   (abs)        000F84
_PR2                     (abs)        000FCB
_PulseClockData          text27       001F72
_PulseEnClock            text26       001F48
_RCREG                   (abs)        000FAE
_RCSTA                   (abs)        000FAB
_SPBRG                   (abs)        000FAF
_SPBRGH                  (abs)        000FB0
_T0CON                   (abs)        000FD5
_T2CON                   (abs)        000FCA
_TMR0H                   (abs)        000FD7
_TMR0L                   (abs)        000FD6
_TRISA                   (abs)        000F92
_TRISB                   (abs)        000F93
_TRISC                   (abs)        000F94
_TRISD                   (abs)        000F95
_TRISE                   (abs)        000F96
_TXREG                   (abs)        000FAD
_TXSTA                   (abs)        000FAC
__HRAM                   (abs)        000000
__Habs1                  abs1         000000
__Hbank0                 bank0        000000
__Hbank1                 bank1        000000
__Hbank2                 bank2        000000
__Hbank3                 bank3        000000
__Hbank4                 bank4        000000
__Hbank5                 bank5        000000
__Hbigbss                bigbss       000000
__Hbigdata               bigdata      000000
__Hbigram                bigram       000000
__Hbss                   bss          000000
__HbssCOMRAM             bssCOMRAM    000000
__Hcinit                 cinit        000000
__Hclrtext               clrtext      000000
__Hcomram                comram       000000
__Hconfig                config       30000E
__Hconst                 const        000000
__HcstackCOMRAM          cstackCOMRAM 000000
__Hdata                  data         000000
__Heeprom_data           eeprom_data  000000
__Hfarbss                farbss       000000
__Hfardata               fardata      000000
__Hibigdata              ibigdata     000000
__Hidata                 idata        000000
__Hidloc                 idloc        200008
__Hifardata              ifardata     000000
__Hinit                  init         000004
__Hintcode               intcode      000000
__Hintcode_body          intcode_body 000000
__Hintcodelo             intcodelo    000000
__Hintentry              intentry     000000
__Hintret                intret       000000
__Hintsave_regs          intsave_regs 000000
__Hirdata                irdata       000000
__Hmediumconst           mediumconst  000000
__HnvFARRAM              nvFARRAM     000000
__Hnvbit                 nvbit        000000
__Hnvrram                nvrram       000000
__Hparam                 rparam       000000
__Hpowerup               powerup      000000
__Hram                   ram          000000
__Hramtop                ramtop       000600
__Hrbit                  rbit         000000
__Hrbss                  rbss         000000
__Hrdata                 rdata        000000
__Hreset_vec             reset_vec    000000
__Hrparam                rparam       000000
__Hsfr                   sfr          000000
__Hsmallconst            smallconst   0006D0
__Hspace_0               (abs)        0020B4
__Hspace_1               (abs)        00004A
__Hspace_2               (abs)        000000
__Hspace_4               (abs)        60000E
__Hstack                 stack        000000
__Hstruct                struct       000000
__Htemp                  temp         000000
__Htext                  text         000000
__Htext0                 text0        000000
__Htext1                 text1        000000
__Htext10                text10       000000
__Htext11                text11       000000
__Htext12                text12       000000
__Htext13                text13       000000
__Htext14                text14       000000
__Htext15                text15       000000
__Htext16                text16       000000
__Htext17                text17       000000
__Htext18                text18       000000
__Htext19                text19       000000
__Htext2                 text2        000000
__Htext20                text20       000000
__Htext21                text21       000000
__Htext22                text22       000000
__Htext23                text23       000000
__Htext24                text24       000000
__Htext25                text25       000000
__Htext26                text26       000000
__Htext27                text27       000000
__Htext28                text28       000000
__Htext29                text29       000000
__Htext3                 text3        000000
__Htext30                text30       000000
__Htext31                text31       000000
__Htext32                text32       000000
__Htext33                text33       000000
__Htext34                text34       000000
__Htext35                text35       000000
__Htext36                text36       000000
__Htext37                text37       000000
__Htext38                text38       000000
__Htext39                text39       000000
__Htext4                 text4        000000
__Htext40                text40       000000
__Htext41                text41       000000
__Htext42                text42       000000
__Htext5                 text5        000000
__Htext6                 text6        000000
__Htext7                 text7        000000
__Htext8                 text8        000000
__Htext9                 text9        000000
__LRAM                   (abs)        000001
__Labs1                  abs1         000000
__Lbank0                 bank0        000000
__Lbank1                 bank1        000000
__Lbank2                 bank2        000000
__Lbank3                 bank3        000000
__Lbank4                 bank4        000000
__Lbank5                 bank5        000000
__Lbigbss                bigbss       000000
__Lbigdata               bigdata      000000
__Lbigram                bigram       000000
__Lbss                   bss          000000
__LbssCOMRAM             bssCOMRAM    000000
__Lcinit                 cinit        000000
__Lclrtext               clrtext      000000
__Lcomram                comram       000000
__Lconfig                config       000000
__Lconst                 const        000000
__LcstackCOMRAM          cstackCOMRAM 000000
__Ldata                  data         000000
__Leeprom_data           eeprom_data  000000
__Lfarbss                farbss       000000
__Lfardata               fardata      000000
__Libigdata              ibigdata     000000
__Lidata                 idata        000000
__Lidloc                 idloc        000000
__Lifardata              ifardata     000000
__Linit                  init         000000
__Lintcode               intcode      000000
__Lintcode_body          intcode_body 000000
__Lintcodelo             intcodelo    000000
__Lintentry              intentry     000000
__Lintret                intret       000000
__Lintsave_regs          intsave_regs 000000
__Lirdata                irdata       000000
__Lmediumconst           mediumconst  000000
__LnvFARRAM              nvFARRAM     000000
__Lnvbit                 nvbit        000000
__Lnvrram                nvrram       000000
__Lparam                 rparam       000000
__Lpowerup               powerup      000000
__Lram                   ram          000000
__Lramtop                ramtop       000600
__Lrbit                  rbit         000000
__Lrbss                  rbss         000000
__Lrdata                 rdata        000000
__Lreset_vec             reset_vec    000000
__Lrparam                rparam       000000
__Lsfr                   sfr          000000
__Lsmallconst            smallconst   000600
__Lspace_0               (abs)        000000
__Lspace_1               (abs)        000000
__Lspace_2               (abs)        000000
__Lspace_4               (abs)        000000
__Lstack                 stack        000000
__Lstruct                struct       000000
__Ltemp                  temp         000000
__Ltext                  text         000000
__Ltext0                 text0        000000
__Ltext1                 text1        000000
__Ltext10                text10       000000
__Ltext11                text11       000000
__Ltext12                text12       000000
__Ltext13                text13       000000
__Ltext14                text14       000000
__Ltext15                text15       000000
__Ltext16                text16       000000
__Ltext17                text17       000000
__Ltext18                text18       000000
__Ltext19                text19       000000
__Ltext2                 text2        000000
__Ltext20                text20       000000
__Ltext21                text21       000000
__Ltext22                text22       000000
__Ltext23                text23       000000
__Ltext24                text24       000000
__Ltext25                text25       000000
__Ltext26                text26       000000
__Ltext27                text27       000000
__Ltext28                text28       000000
__Ltext29                text29       000000
__Ltext3                 text3        000000
__Ltext30                text30       000000
__Ltext31                text31       000000
__Ltext32                text32       000000
__Ltext33                text33       000000
__Ltext34                text34       000000
__Ltext35                text35       000000
__Ltext36                text36       000000
__Ltext37                text37       000000
__Ltext38                text38       000000
__Ltext39                text39       000000
__Ltext4                 text4        000000
__Ltext40                text40       000000
__Ltext41                text41       000000
__Ltext42                text42       000000
__Ltext5                 text5        000000
__Ltext6                 text6        000000
__Ltext7                 text7        000000
__Ltext8                 text8        000000
__Ltext9                 text9        000000
__S0                     (abs)        0020B4
__S1                     (abs)        00004A
__S2                     (abs)        000000
__S4                     (abs)        000000
__S5                     (abs)        000000
___inthi_sp              stack        000000
___intlo_sp              stack        000000
___lldiv                 text37       0018A0
___lldiv@counter         cstackCOMRAM 000019
___lldiv@dividend        cstackCOMRAM 00000D
___lldiv@divisor         cstackCOMRAM 000011
___lldiv@quotient        cstackCOMRAM 000015
___llmod                 text36       0019D8
___llmod@counter         cstackCOMRAM 000022
___llmod@dividend        cstackCOMRAM 00001A
___llmod@divisor         cstackCOMRAM 00001E
___lmul                  text40       001B52
___lmul@multiplicand     cstackCOMRAM 000005
___lmul@multiplier       cstackCOMRAM 000001
___lmul@product          cstackCOMRAM 000009
___param_bank            (abs)        000000
___rparam_used           (abs)        000001
___sp                    stack        000000
__accesstop              (abs)        000080
__activetblptr           (abs)        000002
__end_of_PulseClockData  text27       001F9C
__end_of_PulseEnClock    text26       001F72
__end_of___lldiv         text37       001944
__end_of___llmod         text36       001A60
__end_of___lmul          text40       001BBC
__end_of__initialization cinit        002070
__end_of_adcInit         text41       001E00
__end_of_adcRead         text13       001D6A
__end_of_apagaDisplay    text38       001FC6
__end_of_calcula         text34       0019D8
__end_of_charKey         smallconst   00061B
__end_of_delayMicro      text30       0020B4
__end_of_delayMili       text31       001F1C
__end_of_digitalRead     text20       001486
__end_of_digitalWrite    text29       000C0E
__end_of_kpDebounce      text19       001702
__end_of_kpInit          text32       001EEC
__end_of_kpRead          text18       0020AA
__end_of_kpReadKey       text17       001B52
__end_of_lcdChar         text16       00202C
__end_of_lcdCommand      text23       00204A
__end_of_lcdInit         text21       0018A0
__end_of_lcdPosition     text12       001EBA
__end_of_lcdString       text15       001D1A
__end_of_leTeclado       text14       001010
__end_of_leTemperatura   text11       0011B0
__end_of_main            text0        0017EC
__end_of_mostraDisplay   text35       0015CC
__end_of_pinMode         text42       000E5C
__end_of_pulseEnablePin  text28       001E42
__end_of_pushByte        text24       001C16
__end_of_pushNibble      text22       001FEC
__end_of_serialInit      text10       002064
__end_of_serialRead      text9        001F48
__end_of_serialSend      text8        002090
__end_of_serialcom       text7        0009C0
__end_of_soInit          text33       001E80
__end_of_soWrite         text25       001DB8
__end_of_ssdDigit        text39       001C6E
__end_of_ssdInit         text6        001CC4
__end_of_ssdUpdate       text5        00131C
__end_of_timed           text4        001ADA
__end_of_timerInit       text3        0020B2
__end_of_timerReset      text2        00200E
__end_of_timerWait       text1        0020A0
__end_of_valor           smallconst   000611
__initialization         cinit        002064
__mediumconst            mediumconst  000000
__pbssCOMRAM             bssCOMRAM    00002E
__pcinit                 cinit        002064
__pcstackCOMRAM          cstackCOMRAM 000001
__psmallconst            smallconst   000600
__ptext0                 text0        001702
__ptext1                 text1        002090
__ptext10                text10       00204A
__ptext11                text11       001010
__ptext12                text12       001E80
__ptext13                text13       001D1A
__ptext14                text14       000E5C
__ptext15                text15       001CC4
__ptext16                text16       00200E
__ptext17                text17       001ADA
__ptext18                text18       0020A0
__ptext19                text19       0015CC
__ptext2                 text2        001FEC
__ptext20                text20       00131C
__ptext21                text21       0017EC
__ptext22                text22       001FC6
__ptext23                text23       00202C
__ptext24                text24       001BBC
__ptext25                text25       001D6A
__ptext26                text26       001F48
__ptext27                text27       001F72
__ptext28                text28       001E00
__ptext29                text29       0009C0
__ptext3                 text3        0020AA
__ptext30                text30       0020B2
__ptext31                text31       001EEC
__ptext32                text32       001EBA
__ptext33                text33       001E42
__ptext34                text34       001944
__ptext35                text35       001486
__ptext36                text36       0019D8
__ptext37                text37       0018A0
__ptext38                text38       001F9C
__ptext39                text39       001C16
__ptext4                 text4        001A60
__ptext40                text40       001B52
__ptext41                text41       001DB8
__ptext42                text42       000C0E
__ptext5                 text5        0011B0
__ptext6                 text6        001C6E
__ptext7                 text7        0006D0
__ptext8                 text8        00207A
__ptext9                 text9        001F1C
__ramtop                 ramtop       000600
__size_of_PulseClockData (abs)        000000
__size_of_PulseEnClock   (abs)        000000
__size_of___lldiv        (abs)        000000
__size_of___llmod        (abs)        000000
__size_of___lmul         (abs)        000000
__size_of_adcInit        (abs)        000000
__size_of_adcRead        (abs)        000000
__size_of_apagaDisplay   (abs)        000000
__size_of_calcula        (abs)        000000
__size_of_delayMicro     (abs)        000000
__size_of_delayMili      (abs)        000000
__size_of_digitalRead    (abs)        000000
__size_of_digitalWrite   (abs)        000000
__size_of_kpDebounce     (abs)        000000
__size_of_kpInit         (abs)        000000
__size_of_kpRead         (abs)        000000
__size_of_kpReadKey      (abs)        000000
__size_of_lcdChar        (abs)        000000
__size_of_lcdCommand     (abs)        000000
__size_of_lcdInit        (abs)        000000
__size_of_lcdPosition    (abs)        000000
__size_of_lcdString      (abs)        000000
__size_of_leTeclado      (abs)        000000
__size_of_leTemperatura  (abs)        000000
__size_of_main           (abs)        000000
__size_of_mostraDisplay  (abs)        000000
__size_of_pinMode        (abs)        000000
__size_of_pulseEnablePin (abs)        000000
__size_of_pushByte       (abs)        000000
__size_of_pushNibble     (abs)        000000
__size_of_serialInit     (abs)        000000
__size_of_serialRead     (abs)        000000
__size_of_serialSend     (abs)        000000
__size_of_serialcom      (abs)        000000
__size_of_soInit         (abs)        000000
__size_of_soWrite        (abs)        000000
__size_of_ssdDigit       (abs)        000000
__size_of_ssdInit        (abs)        000000
__size_of_ssdUpdate      (abs)        000000
__size_of_timed          (abs)        000000
__size_of_timerInit      (abs)        000000
__size_of_timerReset     (abs)        000000
__size_of_timerWait      (abs)        000000
__smallconst             smallconst   000600
_adcInit                 text41       001DB8
_adcRead                 text13       001D1A
_apagaDisplay            text38       001F9C
_calcula                 text34       001944
_charKey                 smallconst   000611
_delayMicro              text30       0020B2
_delayMili               text31       001EEC
_digitalRead             text20       00131C
_digitalWrite            text29       0009C0
_display                 bssCOMRAM    000043
_keys                    bssCOMRAM    00003C
_kpDebounce              text19       0015CC
_kpInit                  text32       001EBA
_kpRead                  text18       0020A0
_kpReadKey               text17       001ADA
_lcdChar                 text16       00200E
_lcdCommand              text23       00202C
_lcdInit                 text21       0017EC
_lcdPosition             text12       001E80
_lcdString               text15       001CC4
_leTeclado               text14       000E5C
_leTemperatura           text11       001010
_leTemperatura$1394      cstackCOMRAM 000027
_main                    text0        001702
_mostraDisplay           text35       001486
_op                      bssCOMRAM    00003E
_pinMode                 text42       000C0E
_pot                     bssCOMRAM    000046
_pulseEnablePin          text28       001E00
_pushByte                text24       001BBC
_pushNibble              text22       001FC6
_serialInit              text10       00204A
_serialRead              text9        001F1C
_serialSend              text8        00207A
_serialcom               text7        0006D0
_serialcom$1395          cstackCOMRAM 000025
_soInit                  text33       001E42
_soWrite                 text25       001D6A
_ssdDigit                text39       001C16
_ssdInit                 text6        001C6E
_ssdUpdate               text5        0011B0
_started                 bssCOMRAM    000045
_tempIde                 bssCOMRAM    000036
_tempMax                 bssCOMRAM    000032
_temperatura             bssCOMRAM    00002E
_timed                   text4        001A60
_timerInit               text3        0020AA
_timerReset              text2        001FEC
_timerWait               text1        002090
_v0                      bssCOMRAM    000042
_v1                      bssCOMRAM    000041
_v2                      bssCOMRAM    000040
_v3                      bssCOMRAM    00003F
_valor                   smallconst   000601
adcRead@ADvalor          cstackCOMRAM 000003
adcRead@channel          cstackCOMRAM 000001
delayMicro@a             cstackCOMRAM 000001
delayMili@a              cstackCOMRAM 000001
delayMili@i              cstackCOMRAM 000004
digitalRead@pin          cstackCOMRAM 000001
digitalWrite@pin         cstackCOMRAM 000001
digitalWrite@value       cstackCOMRAM 000003
end_of_initialization    cinit        002070
intlevel0                text         000000
intlevel1                text         000000
intlevel2                text         000000
intlevel3                text         000000
isa$std                  (abs)        000001
isa$xinst                (abs)        000000
kpDebounce@i             cstackCOMRAM 00000D
kpDebounce@newRead       bssCOMRAM    00003A
kpDebounce@oldRead       bssCOMRAM    000038
kpDebounce@tempo         bssCOMRAM    000044
kpReadKey@i              cstackCOMRAM 000004
lcdChar@value            cstackCOMRAM 00000E
lcdCommand@value         cstackCOMRAM 00000E
lcdPosition@col          cstackCOMRAM 000011
lcdPosition@line         cstackCOMRAM 00000F
lcdString@i              cstackCOMRAM 000013
lcdString@msg            cstackCOMRAM 00000F
leTeclado@tecla          cstackCOMRAM 000017
leTemperatura@degree     cstackCOMRAM 000023
main@slot                cstackCOMRAM 00002D
mostraDisplay@v0         cstackCOMRAM 000023
mostraDisplay@v1         cstackCOMRAM 000025
mostraDisplay@v2         cstackCOMRAM 000027
mostraDisplay@v3         cstackCOMRAM 000029
pinMode@pin              cstackCOMRAM 000001
pinMode@type             cstackCOMRAM 000003
pushByte@rs              cstackCOMRAM 00000A
pushByte@value           cstackCOMRAM 00000D
pushNibble@rs            cstackCOMRAM 00000A
pushNibble@value         cstackCOMRAM 00000C
serialRead@resp          cstackCOMRAM 000001
serialSend@c             cstackCOMRAM 000001
soWrite@i                cstackCOMRAM 000009
soWrite@value            cstackCOMRAM 000007
ssdDigit@pos             cstackCOMRAM 000001
ssdDigit@val             cstackCOMRAM 000002
stackhi                  (abs)        0005FF
stacklo                  (abs)        000080
start                    init         000000
start_initialization     cinit        002064
timed@i                  cstackCOMRAM 000003
timed@j                  cstackCOMRAM 000004
timed@k                  cstackCOMRAM 000005
timed@ms                 cstackCOMRAM 000001
timed@w                  cstackCOMRAM 000002
timerReset@ciclos        cstackCOMRAM 000003
timerReset@tempo         cstackCOMRAM 000001


MODULE INFORMATION

Module		Function		Class		Link	Load	Size
ssd.c
		_ssdInit       		CODE           	1C6E	0000	86
		_ssdDigit      		CODE           	1C16	0000	88
		_ssdUpdate     		CODE           	11B0	0000	364

ssd.c estimated size: 538

serial.c
		_serialSend    		CODE           	207A	0000	22
		_serialInit    		CODE           	204A	0000	26
		_serialRead    		CODE           	1F1C	0000	44

serial.c estimated size: 92

delay.c
		_timed         		CODE           	1A60	0000	122

delay.c estimated size: 122

keypad.c
		_kpInit        		CODE           	1EBA	0000	50
		_kpReadKey     		CODE           	1ADA	0000	120
		_kpDebounce    		CODE           	15CC	0000	310
		_kpRead        		CODE           	20A0	0000	10

keypad.c estimated size: 490

so.c
		_soInit        		CODE           	1E42	0000	62
		_soWrite       		CODE           	1D6A	0000	78
		_PulseEnClock  		CODE           	1F48	0000	42
		_PulseClockData		CODE           	1F72	0000	42

so.c estimated size: 224

io.c
		_digitalRead   		CODE           	131C	0000	362
		_digitalWrite  		CODE           	09C0	0000	590
		_pinMode       		CODE           	0C0E	0000	590

io.c estimated size: 1542

timer.c
		_timerWait     		CODE           	2090	0000	16
		_timerReset    		CODE           	1FEC	0000	34
		_timerInit     		CODE           	20AA	0000	8

timer.c estimated size: 58

C:\Program Files\Microchip\xc8\v2.32\pic\sources\c99\common\llmod.c
		___llmod       		CODE           	19D8	0000	136

C:\Program Files\Microchip\xc8\v2.32\pic\sources\c99\common\llmod.c estimated size: 136

adc.c
		_adcRead       		CODE           	1D1A	0000	80
		_adcInit       		CODE           	1DB8	0000	72

adc.c estimated size: 152

shared
		_valor         		SMALLCONST     	0601	0000	16
		_charKey       		SMALLCONST     	0611	0000	10
		__initialization		CODE           	2064	0000	12

shared estimated size: 38

mainEmb.c
		_main          		CODE           	1702	0000	234
		_serialcom     		CODE           	06D0	0000	752
		_calcula       		CODE           	1944	0000	148
		_mostraDisplay 		CODE           	1486	0000	326
		_leTemperatura 		CODE           	1010	0000	416
		_leTeclado     		CODE           	0E5C	0000	436
		_apagaDisplay  		CODE           	1F9C	0000	42

mainEmb.c estimated size: 2354

C:\Program Files\Microchip\xc8\v2.32\pic\sources\c99\common\Umul32.c
		___lmul        		CODE           	1B52	0000	106

C:\Program Files\Microchip\xc8\v2.32\pic\sources\c99\common\Umul32.c estimated size: 106

lcd.c
		_lcdCommand    		CODE           	202C	0000	30
		_lcdChar       		CODE           	200E	0000	30
		_lcdString     		CODE           	1CC4	0000	86
		_pulseEnablePin		CODE           	1E00	0000	66
		_pushByte      		CODE           	1BBC	0000	90
		_lcdPosition   		CODE           	1E80	0000	58
		_pushNibble    		CODE           	1FC6	0000	38
		_lcdInit       		CODE           	17EC	0000	180
		_delayMili     		CODE           	1EEC	0000	48
		_delayMicro    		CODE           	20B2	0000	2

lcd.c estimated size: 628

C:\Program Files\Microchip\xc8\v2.32\pic\sources\c99\common\__lldiv.c
		___lldiv       		CODE           	18A0	0000	164

C:\Program Files\Microchip\xc8\v2.32\pic\sources\c99\common\__lldiv.c estimated size: 164

